WARNING: Using incubator modules: jdk.incubator.vector
Aug 26, 2026 6:52:15 AM org.apache.aries.spifly.BaseActivator log
INFO: Registered provider ch.qos.logback.classic.spi.LogbackServiceProvider of service org.slf4j.spi.SLF4JServiceProvider in bundle ch.qos.logback.classic
[Error - 6:53:00 AM] Sending notification workspace/didChangeConfiguration failed
TypeError: Cannot read properties of null (reading 'sendNotification')
    at /google/devshell/editor/code-oss-for-cloud-shell/extensions/redhat.java/dist/extension.js:2:861356
    at Generator.next (<anonymous>)
    at /google/devshell/editor/code-oss-for-cloud-shell/extensions/redhat.java/dist/extension.js:2:847294
    at new Promise (<anonymous>)
    at r (/google/devshell/editor/code-oss-for-cloud-shell/extensions/redhat.java/dist/extension.js:2:847042)
    at didChangeConfiguration (/google/devshell/editor/code-oss-for-cloud-shell/extensions/redhat.java/dist/extension.js:2:861304)
    at t.SyncConfigurationFeature.onDidChangeConfiguration (/google/devshell/editor/code-oss-for-cloud-shell/extensions/redhat.java/dist/extension.js:2:1152149)
    at t.SyncConfigurationFeature.register (/google/devshell/editor/code-oss-for-cloud-shell/extensions/redhat.java/dist/extension.js:2:1151446)
    at t.SyncConfigurationFeature.initialize (/google/devshell/editor/code-oss-for-cloud-shell/extensions/redhat.java/dist/extension.js:2:1151197)
    at c.initializeFeatures (/google/devshell/editor/code-oss-for-cloud-shell/extensions/redhat.java/dist/extension.js:2:1124857)
    at c.doInitialize (/google/devshell/editor/code-oss-for-cloud-shell/extensions/redhat.java/dist/extension.js:2:1111724)
    at processTicksAndRejections (node:internal/process/task_queues:104:5)
    at c.start (/google/devshell/editor/code-oss-for-cloud-shell/extensions/redhat.java/dist/extension.js:2:1108753)
[Error - 6:53:00 AM] Aug 26, 2026, 6:53:00 AM org.eclipse.lsp4j.jsonrpc.ResponseErrorException: Unhandled method workspace/executeClientCommand
java.util.concurrent.CompletionException: org.eclipse.lsp4j.jsonrpc.ResponseErrorException: Unhandled method workspace/executeClientCommand
	at java.base/java.util.concurrent.CompletableFuture.reportJoin(CompletableFuture.java:413)
	at java.base/java.util.concurrent.CompletableFuture.join(CompletableFuture.java:2118)
	at org.eclipse.jdt.ls.core.internal.JavaClientConnection.executeClientCommand(JavaClientConnection.java:89)
	at org.eclipse.jdt.ls.core.internal.handlers.JDTLanguageServer.synchronizeBundles(JDTLanguageServer.java:449)
	at org.eclipse.jdt.ls.core.internal.handlers.JDTLanguageServer$2.run(JDTLanguageServer.java:317)
	at org.eclipse.core.internal.jobs.Worker.run(Worker.java:63)
Caused by: org.eclipse.lsp4j.jsonrpc.ResponseErrorException: Unhandled method workspace/executeClientCommand
	at org.eclipse.lsp4j.jsonrpc.RemoteEndpoint.handleResponse(RemoteEndpoint.java:220)
	at org.eclipse.lsp4j.jsonrpc.RemoteEndpoint.consume(RemoteEndpoint.java:204)
	at org.eclipse.jdt.ls.core.internal.ParentProcessWatcher.lambda$1(ParentProcessWatcher.java:86)
	at org.eclipse.lsp4j.jsonrpc.json.StreamMessageProducer.handleMessage(StreamMessageProducer.java:185)
	at org.eclipse.lsp4j.jsonrpc.json.StreamMessageProducer.listen(StreamMessageProducer.java:97)
	at org.eclipse.lsp4j.jsonrpc.json.ConcurrentMessageProcessor.run(ConcurrentMessageProcessor.java:114)
	at java.base/java.util.concurrent.Executors$RunnableAdapter.call(Executors.java:572)
	at java.base/java.util.concurrent.FutureTask.run(FutureTask.java:317)
	at java.base/java.util.concurrent.ThreadPoolExecutor.runWorker(ThreadPoolExecutor.java:1144)
	at java.base/java.util.concurrent.ThreadPoolExecutor$Worker.run(ThreadPoolExecutor.java:642)
	at java.base/java.lang.Thread.run(Thread.java:1583)

