2026-08-26 10:50:47.224 [warning] Dir "/home/abijithasokan1992/.pixi/envs" is not watchable (directory does not exist)
2026-08-26 10:51:10.622 [info] Skipping ActivatedEnv Detection:  process.env.VSCODE_CLI !== '1'
2026-08-26 10:51:10.624 [info] Skipping ActivatedEnv Detection:  process.env.VSCODE_CLI !== '1'
2026-08-26 10:51:10.661 [info] > pyenv which python
2026-08-26 10:51:10.662 [info] cwd: .
2026-08-26 10:51:10.710 [info] > python -c "import sys;print(sys.executable)"
2026-08-26 10:51:10.807 [info] > /usr/bin/python -I /google/devshell/editor/code-oss-for-cloud-shell/extensions/ms-python.python/python_files/get_output_via_markers.py /google/devshell/editor/code-oss-for-cloud-shell/extensions/ms-python.python/python_files/interpreterInfo.py
2026-08-26 10:51:24.219 [info] Starting Environment refresh
2026-08-26 10:51:24.219 [info] Searching for interpreters in posix paths locator
2026-08-26 10:51:24.277 [info] Searching for pyenv environments
2026-08-26 10:51:24.277 [info] Searching for conda environments
2026-08-26 10:51:24.281 [info] Searching for global virtual environments
2026-08-26 10:51:24.281 [info] Searching for custom virtual environments
2026-08-26 10:51:24.339 [info] > conda info --json
2026-08-26 10:51:24.382 [info] > hatch env show --json
2026-08-26 10:51:24.385 [info] cwd: .
2026-08-26 10:51:24.836 [info] > pyenv which python
2026-08-26 10:51:24.836 [info] cwd: .
2026-08-26 10:51:24.836 [info] pyenv is not installed
2026-08-26 10:51:24.836 [info] Finished searching for pyenv environments: 613 milliseconds
2026-08-26 10:51:24.845 [info] Finished searching for custom virtual envs: 612 milliseconds
2026-08-26 10:51:25.609 [info] Finished searching for global virtual envs: 1379 milliseconds
2026-08-26 10:51:25.912 [info] Found: /bin/python --> /bin/python3.12
2026-08-26 10:51:26.062 [info] Found: /bin/python3 --> /bin/python3.12
2026-08-26 10:51:26.342 [info] Found: /bin/python3.12 --> /bin/python3.12
2026-08-26 10:51:26.700 [info] Found: /usr/bin/python --> /usr/bin/python3.12
2026-08-26 10:51:26.719 [info] Found: /usr/bin/python3 --> /usr/bin/python3.12
2026-08-26 10:51:26.724 [info] Found: /usr/bin/python3.12 --> /usr/bin/python3.12
2026-08-26 10:51:26.982 [info] Finished searching for interpreters in posix paths locator: 2756 milliseconds
2026-08-26 10:51:26.982 [info] > /bin/python -I /google/devshell/editor/code-oss-for-cloud-shell/extensions/ms-python.python/python_files/get_output_via_markers.py /google/devshell/editor/code-oss-for-cloud-shell/extensions/ms-python.python/python_files/interpreterInfo.py
2026-08-26 10:51:27.245 [info] Environments refresh paths discovered (event): 3058 milliseconds
2026-08-26 10:51:27.245 [info] Environments refresh paths discovered: 3058 milliseconds
2026-08-26 10:51:27.272 [info] Environments refresh finished (event): 3084 milliseconds
2026-08-26 10:51:27.337 [info] Environment refresh took 3159 milliseconds
2026-08-26 10:51:27.350 [info] Python interpreter path: /usr/bin/python
2026-08-26 10:51:30.408 [info] Starting Jedi language server for abijithasokan1992.
