2026-08-26 09:11:22.862 [warning] Dir "/home/abijithasokan1992/.pixi/envs" is not watchable (directory does not exist)
2026-08-26 09:11:23.926 [info] Starting Environment refresh
2026-08-26 09:11:23.926 [info] Searching for interpreters in posix paths locator
2026-08-26 09:11:23.939 [info] Searching for pyenv environments
2026-08-26 09:11:23.939 [info] Searching for conda environments
2026-08-26 09:11:23.940 [info] Searching for global virtual environments
2026-08-26 09:11:23.940 [info] Searching for custom virtual environments
2026-08-26 09:11:24.014 [info] Skipping ActivatedEnv Detection:  process.env.VSCODE_CLI !== '1'
2026-08-26 09:11:24.015 [info] Skipping ActivatedEnv Detection:  process.env.VSCODE_CLI !== '1'
2026-08-26 09:11:24.018 [info] pyenv is not installed
2026-08-26 09:11:24.018 [info] Finished searching for pyenv environments: 90 milliseconds
2026-08-26 09:11:24.018 [info] Finished searching for custom virtual envs: 88 milliseconds
2026-08-26 09:11:24.030 [info] > conda info --json
2026-08-26 09:11:24.043 [info] > hatch env show --json
2026-08-26 09:11:24.043 [info] cwd: .
2026-08-26 09:11:24.260 [info] > pyenv which python
2026-08-26 09:11:24.260 [info] cwd: .
2026-08-26 09:11:24.261 [info] Finished searching for global virtual envs: 332 milliseconds
2026-08-26 09:11:24.391 [info] Found: /bin/python --> /bin/python3.12
2026-08-26 09:11:24.407 [info] Found: /bin/python3 --> /bin/python3.12
2026-08-26 09:11:24.409 [info] Found: /bin/python3.12 --> /bin/python3.12
2026-08-26 09:11:24.435 [info] Found: /usr/bin/python --> /usr/bin/python3.12
2026-08-26 09:11:24.440 [info] Found: /usr/bin/python3 --> /usr/bin/python3.12
2026-08-26 09:11:24.441 [info] Found: /usr/bin/python3.12 --> /usr/bin/python3.12
2026-08-26 09:11:24.516 [info] Finished searching for interpreters in posix paths locator: 585 milliseconds
2026-08-26 09:11:24.517 [info] > /bin/python -I /google/devshell/editor/code-oss-for-cloud-shell/extensions/ms-python.python/python_files/get_output_via_markers.py /google/devshell/editor/code-oss-for-cloud-shell/extensions/ms-python.python/python_files/interpreterInfo.py
2026-08-26 09:11:24.573 [info] > /usr/bin/python -I /google/devshell/editor/code-oss-for-cloud-shell/extensions/ms-python.python/python_files/get_output_via_markers.py /google/devshell/editor/code-oss-for-cloud-shell/extensions/ms-python.python/python_files/interpreterInfo.py
2026-08-26 09:11:25.497 [info] Environments refresh paths discovered (event): 1577 milliseconds
2026-08-26 09:11:25.497 [info] Environments refresh finished (event): 1577 milliseconds
2026-08-26 09:11:25.497 [info] Environments refresh paths discovered: 1577 milliseconds
2026-08-26 09:11:25.512 [info] Environment refresh took 1592 milliseconds
2026-08-26 09:11:25.521 [info] Python interpreter path: /bin/python
2026-08-26 09:11:28.282 [info] Starting Jedi language server for abijithasokan1992.
