2026-08-26 09:58:13.537 [info] Creating Jupyter runtime directory: /home/abijithasokan1992/.codeoss/data/User/globalStorage/googlecloudtools.datacloud/jupyter_runtime
2026-08-26 09:58:13.537 [info] Initializing python virtual environment
2026-08-26 09:58:20.218 [info] WARNING: Skipping kernels_filter as it is not installed.

2026-08-26 09:58:40.062 [info] Processing ./extensions/googlecloudtools.datacloud/dataproc/resources/dak_jupyter-0.2.0-py3-none-any.whl
Collecting google-cloud-jupyter-config
  Downloading google_cloud_jupyter_config-0.0.14-py2.py3-none-any.whl.metadata (2.3 kB)
Collecting jupyter_server==2.16
  Downloading jupyter_server-2.16.0-py3-none-any.whl.metadata (8.5 kB)
Collecting certifi
  Downloading certifi-2026.7.22-py3-none-any.whl.metadata (2.5 kB)
Collecting anyio>=3.1.0 (from jupyter_server==2.16)
  Downloading anyio-4.14.2-py3-none-any.whl.metadata (4.6 kB)
Collecting argon2-cffi>=21.1 (from jupyter_server==2.16)
  Downloading argon2_cffi-25.1.0-py3-none-any.whl.metadata (4.1 kB)
Collecting jinja2>=3.0.3 (from jupyter_server==2.16)
  Downloading jinja2-3.1.6-py3-none-any.whl.metadata (2.9 kB)
Collecting jupyter-client>=7.4.4 (from jupyter_server==2.16)
  Downloading jupyter_client-8.9.1-py3-none-any.whl.metadata (8.5 kB)
Collecting jupyter-core!=5.0.*,>=4.12 (from jupyter_server==2.16)
  Downloading jupyter_core-5.9.1-py3-none-any.whl.metadata (1.5 kB)
Collecting jupyter-events>=0.11.0 (from jupyter_server==2.16)
  Downloading jupyter_events-0.12.1-py3-none-any.whl.metadata (5.8 kB)
Collecting jupyter-server-terminals>=0.4.4 (from jupyter_server==2.16)
  Downloading jupyter_server_terminals-0.5.4-py3-none-any.whl.metadata (5.9 kB)
Collecting nbconvert>=6.4.4 (from jupyter_server==2.16)
  Downloading nbconvert-7.17.1-py3-none-any.whl.metadata (8.4 kB)
Collecting nbformat>=5.3.0 (from jupyter_server==2.16)
  Downloading nbformat-5.11.1-py3-none-any.whl.metadata (3.7 kB)
Collecting overrides>=5.0 (from jupyter_server==2.16)
  Downloading overrides-7.7.0-py3-none-any.whl.metadata (5.8 kB)
Collecting packaging>=22.0 (from jupyter_server==2.16)
  Downloading packaging-26.3-py3-none-any.whl.metadata (3.5 kB)
Collecting prometheus-client>=0.9 (from jupyter_server==2.16)
  Downloading prometheus_client-0.26.0-py3-none-any.whl.metadata (2.1 kB)
Collecting pyzmq>=24 (from jupyter_server==2.16)
  Downloading pyzmq-27.2.0-cp312-abi3-manylinux_2_26_x86_64.manylinux_2_28_x86_64.whl.metadata (3.8 kB)
Collecting send2trash>=1.8.2 (from jupyter_server==2.16)
  Downloading send2trash-2.1.0-py3-none-any.whl.metadata (4.1 kB)
Collecting terminado>=0.8.3 (from jupyter_server==2.16)
  Downloading terminado-0.18.1-py3-none-any.whl.metadata (5.8 kB)
Collecting tornado>=6.2.0 (from jupyter_server==2.16)
  Downloading tornado-6.5.8-cp39-abi3-manylinux1_x86_64.manylinux_2_28_x86_64.manylinux_2_5_x86_64.whl.metadata (2.8 kB)
Collecting traitlets>=5.6.0 (from jupyter_server==2.16)
  Downloading traitlets-5.16.1-py3-none-any.whl.metadata (10 kB)
Collecting websocket-client>=1.7 (from jupyter_server==2.16)
  Downloading websocket_client-1.9.0-py3-none-any.whl.metadata (8.3 kB)
Collecting cachetools (from google-cloud-jupyter-config)
  Downloading cachetools-7.1.7-py3-none-any.whl.metadata (5.5 kB)
Collecting idna>=2.8 (from anyio>=3.1.0->jupyter_server==2.16)
  Downloading idna-3.19-py3-none-any.whl.metadata (9.2 kB)
Collecting typing_extensions>=4.5 (from anyio>=3.1.0->jupyter_server==2.16)
  Downloading typing_extensions-4.16.0-py3-none-any.whl.metadata (3.3 kB)
Collecting argon2-cffi-bindings (from argon2-cffi>=21.1->jupyter_server==2.16)
  Downloading argon2_cffi_bindings-26.1.0-cp310-abi3-manylinux_2_26_x86_64.manylinux_2_28_x86_64.whl.metadata (7.5 kB)
Collecting MarkupSafe>=2.0 (from jinja2>=3.0.3->jupyter_server==2.16)
  Downloading markupsafe-3.0.3-cp312-cp312-manylinux2014_x86_64.manylinux_2_17_x86_64.manylinux_2_28_x86_64.whl.metadata (2.7 kB)
Collecting python-dateutil>=2.8.2 (from jupyter-client>=7.4.4->jupyter_server==2.16)
  Downloading python_dateutil-2.9.0.post0-py2.py3-none-any.whl.metadata (8.4 kB)
Collecting platformdirs>=2.5 (from jupyter-core!=5.0.*,>=4.12->jupyter_server==2.16)
  Downloading platformdirs-4.11.4-py3-none-any.whl.metadata (5.5 kB)
Collecting jsonschema>=4.18.0 (from jsonschema[format-nongpl]>=4.18.0->jupyter-events>=0.11.0->jupyter_server==2.16)
  Downloading jsonschema-4.26.0-py3-none-any.whl.metadata (7.6 kB)
Collecting python-json-logger>=2.0.4 (from jupyter-events>=0.11.0->jupyter_server==2.16)
  Downloading python_json_logger-4.2.0-py3-none-any.whl.metadata (2.9 kB)
Collecting pyyaml>=5.3 (from jupyter-events>=0.11.0->jupyter_server==2.16)
  Downloading pyyaml-6.0.3-cp312-cp312-manylinux2014_x86_64.manylinux_2_17_x86_64.manylinux_2_28_x86_64.whl.metadata (2.4 kB)
Collecting referencing (from jupyter-events>=0.11.0->jupyter_server==2.16)
  Downloading referencing-0.37.0-py3-none-any.whl.metadata (2.8 kB)
Collecting rfc3339-validator (from jupyter-events>=0.11.0->jupyter_server==2.16)
  Downloading rfc3339_validator-0.1.4-py2.py3-none-any.whl.metadata (1.5 kB)
Collecting rfc3986-validator>=0.1.1 (from jupyter-events>=0.11.0->jupyter_server==2.16)
  Downloading rfc3986_validator-0.1.1-py2.py3-none-any.whl.metadata (1.7 kB)
Collecting beautifulsoup4 (from nbconvert>=6.4.4->jupyter_server==2.16)
  Downloading beautifulsoup4-4.15.0-py3-none-any.whl.metadata (3.8 kB)
Collecting bleach!=5.0.0 (from bleach[css]!=5.0.0->nbconvert>=6.4.4->jupyter_server==2.16)
  Downloading bleach-6.4.0-py3-none-any.whl.metadata (32 kB)
Collecting defusedxml (from nbconvert>=6.4.4->jupyter_server==2.16)
  Downloading defusedxml-0.7.1-py2.py3-none-any.whl.metadata (32 kB)
Collecting jupyterlab-pygments (from nbconvert>=6.4.4->jupyter_server==2.16)
  Downloading jupyterlab_pygments-0.3.0-py3-none-any.whl.metadata (4.4 kB)
Collecting mistune<4,>=2.0.3 (from nbconvert>=6.4.4->jupyter_server==2.16)
  Downloading mistune-3.3.4-py3-none-any.whl.metadata (1.9 kB)
Collecting nbclient>=0.5.0 (from nbconvert>=6.4.4->jupyter_server==2.16)
  Downloading nbclient-0.11.0-py3-none-any.whl.metadata (7.3 kB)
Collecting pandocfilters>=1.4.1 (from nbconvert>=6.4.4->jupyter_server==2.16)
  Downloading pandocfilters-1.5.1-py2.py3-none-any.whl.metadata (9.0 kB)
Collecting pygments>=2.4.1 (from nbconvert>=6.4.4->jupyter_server==2.16)
  Downloading pygments-2.21.0-py3-none-any.whl.metadata (2.5 kB)
Collecting fastjsonschema>=2.15 (from nbformat>=5.3.0->jupyter_server==2.16)
  Downloading fastjsonschema-2.22.2-py3-none-any.whl.metadata (2.1 kB)
Collecting ptyprocess (from terminado>=0.8.3->jupyter_server==2.16)
  Downloading ptyprocess-0.7.0-py2.py3-none-any.whl.metadata (1.3 kB)
Collecting webencodings (from bleach!=5.0.0->bleach[css]!=5.0.0->nbconvert>=6.4.4->jupyter_server==2.16)
  Downloading webencodings-0.6.1-py3-none-any.whl.metadata (3.4 kB)
Collecting tinycss2>=1.1.0 (from bleach[css]!=5.0.0->nbconvert>=6.4.4->jupyter_server==2.16)
  Downloading tinycss2-1.5.1-py3-none-any.whl.metadata (3.0 kB)
Collecting attrs>=22.2.0 (from jsonschema>=4.18.0->jsonschema[format-nongpl]>=4.18.0->jupyter-events>=0.11.0->jupyter_server==2.16)
  Downloading attrs-26.1.0-py3-none-any.whl.metadata (8.8 kB)
Collecting jsonschema-specifications>=2023.03.6 (from jsonschema>=4.18.0->jsonschema[format-nongpl]>=4.18.0->jupyter-events>=0.11.0->jupyter_server==2.16)
  Downloading jsonschema_specifications-2025.9.1-py3-none-any.whl.metadata (2.9 kB)
Collecting rpds-py>=0.25.0 (from jsonschema>=4.18.0->jsonschema[format-nongpl]>=4.18.0->jupyter-events>=0.11.0->jupyter_server==2.16)
  Downloading rpds_py-2026.6.3-cp312-cp312-manylinux_2_17_x86_64.manylinux2014_x86_64.whl.metadata (4.1 kB)
Collecting fqdn (from jsonschema[format-nongpl]>=4.18.0->jupyter-events>=0.11.0->jupyter_server==2.16)
  Downloading fqdn-1.5.1-py3-none-any.whl.metadata (1.4 kB)
Collecting isoduration (from jsonschema[format-nongpl]>=4.18.0->jupyter-events>=0.11.0->jupyter_server==2.16)
  Downloading isoduration-20.11.0-py3-none-any.whl.metadata (5.7 kB)
Collecting jsonpointer>1.13 (from jsonschema[format-nongpl]>=4.18.0->jupyter-events>=0.11.0->jupyter_server==2.16)
  Downloading jsonpointer-3.1.1-py3-none-any.whl.metadata (2.4 kB)
Collecting rfc3987-syntax>=1.1.0 (from jsonschema[format-nongpl]>=4.18.0->jupyter-events>=0.11.0->jupyter_server==2.16)
  Downloading rfc3987_syntax-1.1.0-py3-none-any.whl.metadata (7.7 kB)
Collecting uri-template (from jsonschema[format-nongpl]>=4.18.0->jupyter-events>=0.11.0->jupyter_server==2.16)
  Downloading uri_template-1.3.0-py3-none-any.whl.metadata (8.8 kB)
Collecting webcolors>=24.6.0 (from jsonschema[format-nongpl]>=4.18.0->jupyter-events>=0.11.0->jupyter_server==2.16)
  Downloading webcolors-25.10.0-py3-none-any.whl.metadata (2.2 kB)
Collecting six>=1.5 (from python-dateutil>=2.8.2->jupyter-client>=7.4.4->jupyter_server==2.16)
  Downloading six-1.17.0-py2.py3-none-any.whl.metadata (1.7 kB)
Collecting cffi>=1.0.1 (from argon2-cffi-bindings->argon2-cffi>=21.1->jupyter_server==2.16)
  Downloading cffi-2.1.1-cp312-cp312-manylinux2014_x86_64.manylinux_2_17_x86_64.whl.metadata (2.5 kB)
Collecting soupsieve>=1.6.1 (from beautifulsoup4->nbconvert>=6.4.4->jupyter_server==2.16)
  Downloading soupsieve-2.9.2-py3-none-any.whl.metadata (4.6 kB)
Collecting pycparser (from cffi>=1.0.1->argon2-cffi-bindings->argon2-cffi>=21.1->jupyter_server==2.16)
  Downloading pycparser-3.0-py3-none-any.whl.metadata (8.2 kB)
Collecting lark>=1.2.2 (from rfc3987-syntax>=1.1.0->jsonschema[format-nongpl]>=4.18.0->jupyter-events>=0.11.0->jupyter_server==2.16)
  Downloading lark-1.3.1-py3-none-any.whl.metadata (1.8 kB)
Collecting arrow>=0.15.0 (from isoduration->jsonschema[format-nongpl]>=4.18.0->jupyter-events>=0.11.0->jupyter_server==2.16)
  Downloading arrow-1.4.0-py3-none-any.whl.metadata (7.7 kB)
Collecting tzdata (from arrow>=0.15.0->isoduration->jsonschema[format-nongpl]>=4.18.0->jupyter-events>=0.11.0->jupyter_server==2.16)
  Downloading tzdata-2026.3-py2.py3-none-any.whl.metadata (1.4 kB)
Downloading jupyter_server-2.16.0-py3-none-any.whl (386 kB)
   ━━━━━━━━━━━━━━━━━━━━━━━━━━━━━━━━━━━━━━━━ 386.9/386.9 kB 10.9 MB/s eta 0:00:00
Downloading google_cloud_jupyter_config-0.0.14-py2.py3-none-any.whl (14 kB)
Downloading certifi-2026.7.22-py3-none-any.whl (136 kB)
   ━━━━━━━━━━━━━━━━━━━━━━━━━━━━━━━━━━━━━━━━ 137.0/137.0 kB 9.6 MB/s eta 0:00:00
Downloading anyio-4.14.2-py3-none-any.whl (125 kB)
   ━━━━━━━━━━━━━━━━━━━━━━━━━━━━━━━━━━━━━━━━ 125.8/125.8 kB 10.7 MB/s eta 0:00:00
Downloading argon2_cffi-25.1.0-py3-none-any.whl (14 kB)
Downloading jinja2-3.1.6-py3-none-any.whl (134 kB)
   ━━━━━━━━━━━━━━━━━━━━━━━━━━━━━━━━━━━━━━━━ 134.9/134.9 kB 10.6 MB/s eta 0:00:00
Downloading jupyter_client-8.9.1-py3-none-any.whl (109 kB)
   ━━━━━━━━━━━━━━━━━━━━━━━━━━━━━━━━━━━━━━━━ 109.8/109.8 kB 9.6 MB/s eta 0:00:00
Downloading jupyter_core-5.9.1-py3-none-any.whl (29 kB)
Downloading jupyter_events-0.12.1-py3-none-any.whl (19 kB)
Downloading jupyter_server_terminals-0.5.4-py3-none-any.whl (13 kB)
Downloading nbconvert-7.17.1-py3-none-any.whl (261 kB)
   ━━━━━━━━━━━━━━━━━━━━━━━━━━━━━━━━━━━━━━━━ 261.9/261.9 kB 21.1 MB/s eta 0:00:00
Downloading nbformat-5.11.1-py3-none-any.whl (79 kB)
   ━━━━━━━━━━━━━━━━━━━━━━━━━━━━━━━━━━━━━━━━ 79.8/79.8 kB 6.0 MB/s eta 0:00:00
Downloading overrides-7.7.0-py3-none-any.whl (17 kB)
Downloading packaging-26.3-py3-none-any.whl (129 kB)
   ━━━━━━━━━━━━━━━━━━━━━━━━━━━━━━━━━━━━━━━━ 130.0/130.0 kB 11.8 MB/s eta 0:00:00
Downloading prometheus_client-0.26.0-py3-none-any.whl (64 kB)
   ━━━━━━━━━━━━━━━━━━━━━━━━━━━━━━━━━━━━━━━━ 64.5/64.5 kB 6.0 MB/s eta 0:00:00
Downloading pyzmq-27.2.0-cp312-abi3-manylinux_2_26_x86_64.manylinux_2_28_x86_64.whl (872 kB)
   ━━━━━━━━━━━━━━━━━━━━━━━━━━━━━━━━━━━━━━━━ 872.3/872.3 kB 36.2 MB/s eta 0:00:00
Downloading send2trash-2.1.0-py3-none-any.whl (17 kB)
Downloading terminado-0.18.1-py3-none-any.whl (14 kB)
Downloading tornado-6.5.8-cp39-abi3-manylinux1_x86_64.manylinux_2_28_x86_64.manylinux_2_5_x86_64.whl (450 kB)
   ━━━━━━━━━━━━━━━━━━━━━━━━━━━━━━━━━━━━━━━━ 450.7/450.7 kB 23.9 MB/s eta 0:00:00
Downloading traitlets-5.16.1-py3-none-any.whl (86 kB)
   ━━━━━━━━━━━━━━━━━━━━━━━━━━━━━━━━━━━━━━━━ 86.2/86.2 kB 8.2 MB/s eta 0:00:00
Downloading websocket_client-1.9.0-py3-none-any.whl (82 kB)
   ━━━━━━━━━━━━━━━━━━━━━━━━━━━━━━━━━━━━━━━━ 82.6/82.6 kB 6.7 MB/s eta 0:00:00
Downloading cachetools-7.1.7-py3-none-any.whl (16 kB)
Downloading bleach-6.4.0-py3-none-any.whl (165 kB)
   ━━━━━━━━━━━━━━━━━━━━━━━━━━━━━━━━━━━━━━━━ 165.1/165.1 kB 15.3 MB/s eta 0:00:00
Downloading fastjsonschema-2.22.2-py3-none-any.whl (27 kB)
Downloading idna-3.19-py3-none-any.whl (68 kB)
   ━━━━━━━━━━━━━━━━━━━━━━━━━━━━━━━━━━━━━━━━ 68.5/68.5 kB 6.0 MB/s eta 0:00:00
Downloading jsonschema-4.26.0-py3-none-any.whl (90 kB)
   ━━━━━━━━━━━━━━━━━━━━━━━━━━━━━━━━━━━━━━━━ 90.6/90.6 kB 7.1 MB/s eta 0:00:00
Downloading markupsafe-3.0.3-cp312-cp312-manylinux2014_x86_64.manylinux_2_17_x86_64.manylinux_2_28_x86_64.whl (22 kB)
Downloading mistune-3.3.4-py3-none-any.whl (66 kB)
   ━━━━━━━━━━━━━━━━━━━━━━━━━━━━━━━━━━━━━━━━ 66.9/66.9 kB 6.2 MB/s eta 0:00:00
Downloading nbclient-0.11.0-py3-none-any.whl (25 kB)
Downloading pandocfilters-1.5.1-py2.py3-none-any.whl (8.7 kB)
Downloading platformdirs-4.11.4-py3-none-any.whl (23 kB)
Downloading pygments-2.21.0-py3-none-any.whl (1.3 MB)
   ━━━━━━━━━━━━━━━━━━━━━━━━━━━━━━━━━━━━━━━━ 1.3/1.3 MB 41.7 MB/s eta 0:00:00
Downloading python_dateutil-2.9.0.post0-py2.py3-none-any.whl (229 kB)
   ━━━━━━━━━━━━━━━━━━━━━━━━━━━━━━━━━━━━━━━━ 229.9/229.9 kB 17.5 MB/s eta 0:00:00
Downloading python_json_logger-4.2.0-py3-none-any.whl (14 kB)
Downloading pyyaml-6.0.3-cp312-cp312-manylinux2014_x86_64.manylinux_2_17_x86_64.manylinux_2_28_x86_64.whl (807 kB)
   ━━━━━━━━━━━━━━━━━━━━━━━━━━━━━━━━━━━━━━━━ 807.9/807.9 kB 34.6 MB/s eta 0:00:00
Downloading referencing-0.37.0-py3-none-any.whl (26 kB)
Downloading rfc3986_validator-0.1.1-py2.py3-none-any.whl (4.2 kB)
Downloading typing_extensions-4.16.0-py3-none-any.whl (45 kB)
   ━━━━━━━━━━━━━━━━━━━━━━━━━━━━━━━━━━━━━━━━ 45.6/45.6 kB 3.7 MB/s eta 0:00:00
Downloading argon2_cffi_bindings-26.1.0-cp310-abi3-manylinux_2_26_x86_64.manylinux_2_28_x86_64.whl (26 kB)
Downloading beautifulsoup4-4.15.0-py3-none-any.whl (109 kB)
   ━━━━━━━━━━━━━━━━━━━━━━━━━━━━━━━━━━━━━━━━ 109.9/109.9 kB 8.9 MB/s eta 0:00:00
Downloading defusedxml-0.7.1-py2.py3-none-any.whl (25 kB)
Downloading jupyterlab_pygments-0.3.0-py3-none-any.whl (15 kB)
Downloading ptyprocess-0.7.0-py2.py3-none-any.whl (13 kB)
Downloading rfc3339_validator-0.1.4-py2.py3-none-any.whl (3.5 kB)
Downloading attrs-26.1.0-py3-none-any.whl (67 kB)
   ━━━━━━━━━━━━━━━━━━━━━━━━━━━━━━━━━━━━━━━━ 67.5/67.5 kB 5.6 MB/s eta 0:00:00
Downloading cffi-2.1.1-cp312-cp312-manylinux2014_x86_64.manylinux_2_17_x86_64.whl (221 kB)
   ━━━━━━━━━━━━━━━━━━━━━━━━━━━━━━━━━━━━━━━━ 221.8/221.8 kB 17.4 MB/s eta 0:00:00
Downloading jsonpointer-3.1.1-py3-none-any.whl (7.7 kB)
Downloading jsonschema_specifications-2025.9.1-py3-none-any.whl (18 kB)
Downloading rfc3987_syntax-1.1.0-py3-none-any.whl (8.0 kB)
Downloading rpds_py-2026.6.3-cp312-cp312-manylinux_2_17_x86_64.manylinux2014_x86_64.whl (366 kB)
   ━━━━━━━━━━━━━━━━━━━━━━━━━━━━━━━━━━━━━━━━ 366.2/366.2 kB 25.6 MB/s eta 0:00:00
Downloading six-1.17.0-py2.py3-none-any.whl (11 kB)
Downloading soupsieve-2.9.2-py3-none-any.whl (37 kB)
Downloading tinycss2-1.5.1-py3-none-any.whl (28 kB)
Downloading webcolors-25.10.0-py3-none-any.whl (14 kB)
Downloading webencodings-0.6.1-py3-none-any.whl (8.7 kB)
Downloading fqdn-1.5.1-py3-none-any.whl (9.1 kB)
Downloading isoduration-20.11.0-py3-none-any.whl (11 kB)
Downloading uri_template-1.3.0-py3-none-any.whl (11 kB)
Downloading arrow-1.4.0-py3-none-any.whl (68 kB)
   ━━━━━━━━━━━━━━━━━━━━━━━━━━━━━━━━━━━━━━━━ 68.8/68.8 kB 6.0 MB/s eta 0:00:00
Downloading lark-1.3.1-py3-none-any.whl (113 kB)
   ━━━━━━━━━━━━━━━━━━━━━━━━━━━━━━━━━━━━━━━━ 113.2/113.2 kB 7.9 MB/s eta 0:00:00
Downloading pycparser-3.0-py3-none-any.whl (48 kB)
   ━━━━━━━━━━━━━━━━━━━━━━━━━━━━━━━━━━━━━━━━ 48.2/48.2 kB 4.6 MB/s eta 0:00:00
Downloading tzdata-2026.3-py2.py3-none-any.whl (348 kB)
   ━━━━━━━━━━━━━━━━━━━━━━━━━━━━━━━━━━━━━━━━ 348.2/348.2 kB 21.3 MB/s eta 0:00:00
Installing collected packages: ptyprocess, websocket-client, webencodings, webcolors, uri-template, tzdata, typing_extensions, traitlets, tornado, soupsieve, six, send2trash, rpds-py, rfc3986-validator, pyzmq, pyyaml, python-json-logger, pygments, pycparser, prometheus-client, platformdirs, pandocfilters, packaging, overrides, mistune, MarkupSafe, lark, jupyterlab-pygments, jsonpointer, idna, fqdn, fastjsonschema, defusedxml, certifi, cachetools, attrs, tinycss2, terminado, rfc3987-syntax, rfc3339-validator, referencing, python-dateutil, jupyter-core, jinja2, cffi, bleach, beautifulsoup4, anyio, jupyter-server-terminals, jupyter-client, jsonschema-specifications, arrow, argon2-cffi-bindings, jsonschema, isoduration, argon2-cffi, nbformat, nbclient, jupyter-events, nbconvert, jupyter_server, google-cloud-jupyter-config, dak-jupyter
Successfully installed MarkupSafe-3.0.3 anyio-4.14.2 argon2-cffi-25.1.0 argon2-cffi-bindings-26.1.0 arrow-1.4.0 attrs-26.1.0 beautifulsoup4-4.15.0 bleach-6.4.0 cachetools-7.1.7 certifi-2026.7.22 cffi-2.1.1 dak-jupyter-0.2.0 defusedxml-0.7.1 fastjsonschema-2.22.2 fqdn-1.5.1 google-cloud-jupyter-config-0.0.14 idna-3.19 isoduration-20.11.0 jinja2-3.1.6 jsonpointer-3.1.1 jsonschema-4.26.0 jsonschema-specifications-2025.9.1 jupyter-client-8.9.1 jupyter-core-5.9.1 jupyter-events-0.12.1 jupyter-server-terminals-0.5.4 jupyter_server-2.16.0 jupyterlab-pygments-0.3.0 lark-1.3.1 mistune-3.3.4 nbclient-0.11.0 nbconvert-7.17.1 nbformat-5.11.1 overrides-7.7.0 packaging-26.3 pandocfilters-1.5.1 platformdirs-4.11.4 prometheus-client-0.26.0 ptyprocess-0.7.0 pycparser-3.0 pygments-2.21.0 python-dateutil-2.9.0.post0 python-json-logger-4.2.0 pyyaml-6.0.3 pyzmq-27.2.0 referencing-0.37.0 rfc3339-validator-0.1.4 rfc3986-validator-0.1.1 rfc3987-syntax-1.1.0 rpds-py-2026.6.3 send2trash-2.1.0 six-1.17.0 soupsieve-2.9.2 terminado-0.18.1 tinycss2-1.5.1 tornado-6.5.8 traitlets-5.16.1 typing_extensions-4.16.0 tzdata-2026.3 uri-template-1.3.0 webcolors-25.10.0 webencodings-0.6.1 websocket-client-1.9.0

2026-08-26 09:58:40.074 [info] [DEBUG] Starting Server with Executable: /home/abijithasokan1992/.codeoss/data/User/globalStorage/googlecloudtools.datacloud/remote-kernel/bin/python
2026-08-26 09:58:44.392 [info] [Jupyter Log]: Token broker is enabled
Injecting the tornado websocket connection interceptor

2026-08-26 09:58:44.398 [info] [Jupyter Log]: [D 2026-08-26 09:58:44.397 DataCloudServerApp] Config changed: {'ServerApp': {'kernel_spec_manager_class': <class 'dak_jupyter.handlers.FilteringKernelSpecManager'>, 'log_level': 'DEBUG', 'open_browser': False, 'port': 36801, 'ip': '127.0.0.1'}, 'CommandTokenRenewer': {'token_command': 'gcloud auth print-access-token'}, 'GatewayClient': {'url': 'https://654684934964-dot-asia-southeast1.kernels.googleusercontent.com', 'gateway_token_renewer_class': <class 'google.cloud.jupyter_config.tokenrenewer.CommandTokenRenewer'>, 'auth_token': 'Initial, invalid value', 'auth_scheme': 'Bearer', 'headers': '{"Cookie": "_xsrf=XSRF", "X-XSRFToken": "XSRF", "User-Agent": "cloud-shell-datacloud/0.9.0"}', 'gateway_retry_max': 45, 'gateway_retry_interval': 20, 'connect_timeout': 300, 'request_timeout': 300}, 'IdentityProvider': {'token': '0ef65b5d256212cfa859520defccb80d8af7d16f951e59fe44624bece7e0dc57'}}

2026-08-26 09:58:44.410 [info] [Jupyter Log]: [D 2026-08-26 09:58:44.409 DataCloudServerApp] Searching ['/home/abijithasokan1992/.codeoss/data/User/globalStorage/googlecloudtools.datacloud/remote-kernel/etc/jupyter', '/home/abijithasokan1992/.codeoss/data/User/globalStorage/googlecloudtools.datacloud/remote-kernel/jupyter_config', '/usr/local/etc/jupyter', '/etc/jupyter'] for config files

2026-08-26 09:58:44.410 [info] [Jupyter Log]: [D 2026-08-26 09:58:44.410 DataCloudServerApp] Looking for jupyter_config in /etc/jupyter

2026-08-26 09:58:44.411 [info] [Jupyter Log]: [D 2026-08-26 09:58:44.411 DataCloudServerApp] Looking for jupyter_config in /usr/local/etc/jupyter

2026-08-26 09:58:44.412 [info] [Jupyter Log]: [D 2026-08-26 09:58:44.411 DataCloudServerApp] Looking for jupyter_config in /home/abijithasokan1992/.codeoss/data/User/globalStorage/googlecloudtools.datacloud/remote-kernel/jupyter_config

2026-08-26 09:58:44.412 [info] [Jupyter Log]: [D 2026-08-26 09:58:44.412 DataCloudServerApp] Looking for jupyter_config in /home/abijithasokan1992/.codeoss/data/User/globalStorage/googlecloudtools.datacloud/remote-kernel/etc/jupyter

2026-08-26 09:58:44.413 [info] [Jupyter Log]: [D 2026-08-26 09:58:44.413 DataCloudServerApp] Looking for jupyter_server_config in /etc/jupyter

2026-08-26 09:58:44.416 [info] [Jupyter Log]: [D 2026-08-26 09:58:44.414 DataCloudServerApp] Looking for jupyter_server_config in /usr/local/etc/jupyter
[D 2026-08-26 09:58:44.414 DataCloudServerApp] Looking for jupyter_server_config in /home/abijithasokan1992/.codeoss/data/User/globalStorage/googlecloudtools.datacloud/remote-kernel/jupyter_config
[D 2026-08-26 09:58:44.414 DataCloudServerApp] Looking for jupyter_server_config in /home/abijithasokan1992/.codeoss/data/User/globalStorage/googlecloudtools.datacloud/remote-kernel/etc/jupyter

2026-08-26 09:58:44.419 [info] [Jupyter Log]: [D 2026-08-26 09:58:44.419 DataCloudServerApp] Paths used for configuration of jupyter_server_config: 
    	/etc/jupyter/jupyter_server_config.json

2026-08-26 09:58:44.420 [info] [Jupyter Log]: [D 2026-08-26 09:58:44.419 DataCloudServerApp] Paths used for configuration of jupyter_server_config: 
    	/usr/local/etc/jupyter/jupyter_server_config.json

2026-08-26 09:58:44.420 [info] [Jupyter Log]: [D 2026-08-26 09:58:44.420 DataCloudServerApp] Paths used for configuration of jupyter_server_config: 
    	/home/abijithasokan1992/.codeoss/data/User/globalStorage/googlecloudtools.datacloud/remote-kernel/jupyter_config/jupyter_server_config.json

2026-08-26 09:58:44.421 [info] [Jupyter Log]: [D 2026-08-26 09:58:44.421 DataCloudServerApp] Paths used for configuration of jupyter_server_config: 
    	/home/abijithasokan1992/.codeoss/data/User/globalStorage/googlecloudtools.datacloud/remote-kernel/etc/jupyter/jupyter_server_config.d/google_cloud_jupyter_config.json
    	/home/abijithasokan1992/.codeoss/data/User/globalStorage/googlecloudtools.datacloud/remote-kernel/etc/jupyter/jupyter_server_config.d/jupyter_server_terminals.json
    	/home/abijithasokan1992/.codeoss/data/User/globalStorage/googlecloudtools.datacloud/remote-kernel/etc/jupyter/jupyter_server_config.json

2026-08-26 09:58:44.430 [info] [Jupyter Log]: [D 2026-08-26 09:58:44.430 DataCloudServerApp] Extension package google.cloud.jupyter_config took 0.0000s to import

2026-08-26 09:58:44.442 [info] [Jupyter Log]: [D 2026-08-26 09:58:44.442 DataCloudServerApp] Extension package jupyter_server_terminals took 0.0113s to import

2026-08-26 09:58:44.443 [info] [Jupyter Log]: [I 2026-08-26 09:58:44.443 DataCloudServerApp] google.cloud.jupyter_config | extension was successfully linked.

2026-08-26 09:58:44.449 [info] [Jupyter Log]: [D 2026-08-26 09:58:44.449 DataCloudServerApp] Config changed: {'ServerApp': {'kernel_spec_manager_class': <class 'dak_jupyter.handlers.FilteringKernelSpecManager'>, 'log_level': 'DEBUG', 'open_browser': False, 'port': 36801, 'ip': '127.0.0.1', 'jpserver_extensions': <LazyConfigValue value={'google.cloud.jupyter_config': True, 'jupyter_server_terminals': True}>}, 'CommandTokenRenewer': {'token_command': 'gcloud auth print-access-token'}, 'GatewayClient': {'url': 'https://654684934964-dot-asia-southeast1.kernels.googleusercontent.com', 'gateway_token_renewer_class': <class 'google.cloud.jupyter_config.tokenrenewer.CommandTokenRenewer'>, 'auth_token': 'Initial, invalid value', 'auth_scheme': 'Bearer', 'headers': '{"Cookie": "_xsrf=XSRF", "X-XSRFToken": "XSRF", "User-Agent": "cloud-shell-datacloud/0.9.0"}', 'gateway_retry_max': 45, 'gateway_retry_interval': 20, 'connect_timeout': 300, 'request_timeout': 300}, 'IdentityProvider': {'token': '0ef65b5d256212cfa859520defccb80d8af7d16f951e59fe44624bece7e0dc57'}}

2026-08-26 09:58:44.451 [info] [Jupyter Log]: [I 2026-08-26 09:58:44.450 DataCloudServerApp] jupyter_server_terminals | extension was successfully linked.
[I 2026-08-26 09:58:44.450 DataCloudServerApp] FilteringKernelSpecManager Constructed

2026-08-26 09:58:44.458 [info] [Jupyter Log]: [I 2026-08-26 09:58:44.458 DataCloudServerApp] Writing Jupyter server cookie secret to /home/abijithasokan1992/.codeoss/data/User/globalStorage/googlecloudtools.datacloud/jupyter_runtime/jupyter_cookie_secret

2026-08-26 09:58:44.471 [info] [Jupyter Log]: [I 2026-08-26 09:58:44.471 DataCloudServerApp] google.cloud.jupyter_config | extension was successfully loaded.

2026-08-26 09:58:44.472 [info] [Jupyter Log]: [I 2026-08-26 09:58:44.472 DataCloudServerApp] jupyter_server_terminals | extension was successfully loaded.

2026-08-26 09:58:44.478 [info] [Jupyter Log]: [I 2026-08-26 09:58:44.477 DataCloudServerApp] Serving notebooks from local directory: /google/devshell/editor/code-oss-for-cloud-shell

2026-08-26 09:58:44.478 [info] [Jupyter Log]: [I 2026-08-26 09:58:44.477 DataCloudServerApp] Jupyter Server 2.16.0 is running at:
[I 2026-08-26 09:58:44.477 DataCloudServerApp] http://127.0.0.1:[REDACTED]/?token=...
[I 2026-08-26 09:58:44.478 DataCloudServerApp] Kernels will be managed by the Gateway server running at:
[I 2026-08-26 09:58:44.478 DataCloudServerApp] https://654684934964-dot-asia-southeast1.kernels.googleusercontent.com
[I 2026-08-26 09:58:44.478 DataCloudServerApp] Use Control-C to stop this server and shut down all kernels (twice to skip confirmation).

2026-08-26 09:58:44.479 [info] [Jupyter Log]: [D 2026-08-26 09:58:44.479 DataCloudServerApp] google.cloud.jupyter_config | extension was successfully started.

2026-08-26 09:58:44.479 [info] [Jupyter Log]: [D 2026-08-26 09:58:44.479 DataCloudServerApp] jupyter_server_terminals | extension was successfully started.

2026-08-26 09:58:44.608 [info] Token broker enabled, exchanging token
2026-08-26 09:58:46.258 [info] [Jupyter Log]: [W 2026-08-26 09:58:46.180 DataCloudServerApp] 403 POST /exchange_token (@127.0.0.1) 1547.61ms referer=None

2026-08-26 10:49:54.892 [info] [Jupyter Log]: [C 2026-08-26 10:49:54.633 DataCloudServerApp] received signal 15, stopping
[I 2026-08-26 10:49:54.640 DataCloudServerApp] Shutting down 2 extensions
[D 2026-08-26 10:49:54.641 DataCloudServerApp] jupyter_server_terminals | extension app 'jupyter_server_terminals' stopping
[D 2026-08-26 10:49:54.641 DataCloudServerApp] jupyter_server_terminals | extension app 'jupyter_server_terminals' stopped

2026-08-26 10:49:55.132 [info] Jupyter process exited with code 0
