Initializing document watcher...
Document watcher initialized
vscode.git.Git.log: {"tabSize":4,"indentSize":4,"insertSpaces":true,"cursorStyle":1,"lineNumbers":0}
vscode.git.Git.log: Using EditorConfig core...
vscode.git.Git.log: Target charset is not set
No more open editors.
No more open editors.
No more open editors.
/User/settings.json: Using EditorConfig core...
/User/settings.json: Using EditorConfig core...
/User/settings.json: Target charset is not set
/User/settings.json: Using EditorConfig core...
/User/settings.json: Using EditorConfig core...
/User/settings.json: Target charset is not set
/User/settings.json: Using EditorConfig core...
/User/settings.json: Using EditorConfig core...
/User/settings.json: Target charset is not set
/User/settings.json: Using EditorConfig core...
/User/settings.json: Using EditorConfig core...
/User/settings.json: Target charset is not set
/User/settings.json: Using EditorConfig core...
/User/settings.json: Using EditorConfig core...
/User/settings.json: Target charset is not set
No more open editors.
vscode.git.Git.log: {"tabSize":4,"indentSize":4,"insertSpaces":true,"cursorStyle":1,"lineNumbers":0}
vscode.git.Git.log: Using EditorConfig core...
vscode.git.Git.log: Target charset is not set
/User/settings.json: Using EditorConfig core...
/User/settings.json: Using EditorConfig core...
/User/settings.json: Target charset is not set
No more open editors.
No more open editors.
No more open editors.
abijithasokan1992/Untitled-1: {"tabSize":4,"indentSize":4,"insertSpaces":true,"cursorStyle":1,"lineNumbers":1}
abijithasokan1992/Untitled-1: Using EditorConfig core...
Untitled-1: Target charset is not set
abijithasokan1992/CRAYONS_BRIDGE_ROADMAP.md: {"tabSize":4,"indentSize":4,"insertSpaces":true,"cursorStyle":1,"lineNumbers":1}
abijithasokan1992/CRAYONS_BRIDGE_ROADMAP.md: Using EditorConfig core...
CRAYONS_BRIDGE_ROADMAP.md: Target charset is not set
abijithasokan1992/STREAMVISTA_CLOUD_X.md: {"tabSize":4,"indentSize":4,"insertSpaces":true,"cursorStyle":1,"lineNumbers":1}
abijithasokan1992/STREAMVISTA_CLOUD_X.md: Using EditorConfig core...
STREAMVISTA_CLOUD_X.md: Target charset is not set
abijithasokan1992/Untitled-1: {"tabSize":2,"indentSize":2,"insertSpaces":true,"cursorStyle":1,"lineNumbers":1}
abijithasokan1992/Untitled-1: Using EditorConfig core...
Untitled-1: Target charset is not set
No more open editors.
vscode.git.Git.log: {"tabSize":4,"indentSize":4,"insertSpaces":true,"cursorStyle":1,"lineNumbers":0}
vscode.git.Git.log: Using EditorConfig core...
vscode.git.Git.log: Target charset is not set
abijithasokan1992/streamvista-openapi.json: {"tabSize":2,"indentSize":2,"insertSpaces":true,"cursorStyle":1,"lineNumbers":1}
abijithasokan1992/streamvista-openapi.json: Using EditorConfig core...
streamvista-openapi.json: Target charset is not set
abijithasokan1992/streamvista-police-hub-spec.json: {"tabSize":2,"indentSize":2,"insertSpaces":true,"cursorStyle":1,"lineNumbers":1}
abijithasokan1992/streamvista-police-hub-spec.json: Using EditorConfig core...
streamvista-police-hub-spec.json: Target charset is not set
abijithasokan1992/timeline.otio: {"tabSize":4,"indentSize":4,"insertSpaces":true,"cursorStyle":1,"lineNumbers":1}
abijithasokan1992/timeline.otio: Using EditorConfig core...
timeline.otio: Target charset is not set
abijithasokan1992/vite.config.ts: {"tabSize":2,"indentSize":2,"insertSpaces":true,"cursorStyle":1,"lineNumbers":1}
abijithasokan1992/vite.config.ts: Using EditorConfig core...
vite.config.ts: Target charset is not set
abijithasokan1992/vite.config.ts: {"tabSize":2,"indentSize":2,"insertSpaces":true,"cursorStyle":1,"lineNumbers":1}
abijithasokan1992/vite.config.ts: {"tabSize":2,"indentSize":2,"insertSpaces":true,"cursorStyle":1,"lineNumbers":1}
abijithasokan1992/vite.config.ts: {"tabSize":2,"indentSize":2,"insertSpaces":true,"cursorStyle":1,"lineNumbers":1}
abijithasokan1992/vite.config.ts: Using EditorConfig core...
abijithasokan1992/vite.config.ts: Using EditorConfig core...
vite.config.ts: Target charset is not set
abijithasokan1992/vite.config.ts: Using EditorConfig core...
abijithasokan1992/vite.config.ts: Using EditorConfig core...
vite.config.ts: Target charset is not set
abijithasokan1992/Untitled-1: {"tabSize":2,"indentSize":2,"insertSpaces":true,"cursorStyle":1,"lineNumbers":1}
abijithasokan1992/Untitled-1: Using EditorConfig core...
Untitled-1: Target charset is not set
vscode.git.Git.log: {"tabSize":4,"indentSize":4,"insertSpaces":true,"cursorStyle":1,"lineNumbers":0}
vscode.git.Git.log: Using EditorConfig core...
vscode.git.Git.log: Target charset is not set
vscode.git.Git.log: {"tabSize":4,"indentSize":4,"insertSpaces":true,"cursorStyle":1,"lineNumbers":0}
vscode.git.Git.log: {"tabSize":4,"indentSize":4,"insertSpaces":true,"cursorStyle":1,"lineNumbers":0}
vscode.git.Git.log: {"tabSize":4,"indentSize":4,"insertSpaces":true,"cursorStyle":1,"lineNumbers":0}
vscode.git.Git.log: {"tabSize":4,"indentSize":4,"insertSpaces":true,"cursorStyle":1,"lineNumbers":0}
vscode.git.Git.log: {"tabSize":4,"indentSize":4,"insertSpaces":true,"cursorStyle":1,"lineNumbers":0}
abijithasokan1992/Untitled-1: {"tabSize":2,"indentSize":2,"insertSpaces":true,"cursorStyle":1,"lineNumbers":1}
abijithasokan1992/Untitled-1: Using EditorConfig core...
Untitled-1: Target charset is not set
abijithasokan1992/Untitled-1: {"tabSize":2,"indentSize":2,"insertSpaces":true,"cursorStyle":1,"lineNumbers":1}
abijithasokan1992/Untitled-1: {"tabSize":2,"indentSize":2,"insertSpaces":true,"cursorStyle":1,"lineNumbers":1}
abijithasokan1992/Untitled-1: {"tabSize":2,"indentSize":2,"insertSpaces":true,"cursorStyle":1,"lineNumbers":1}
abijithasokan1992/Untitled-1: {"tabSize":2,"indentSize":2,"insertSpaces":true,"cursorStyle":1,"lineNumbers":1}
abijithasokan1992/Untitled-1: {"tabSize":2,"indentSize":2,"insertSpaces":true,"cursorStyle":1,"lineNumbers":1}
abijithasokan1992/Untitled-1: {"tabSize":2,"indentSize":2,"insertSpaces":true,"cursorStyle":1,"lineNumbers":1}
